// Jest Snapshot v1, https://goo.gl/fbAQLP

exports[`SearchResults component renders correctly 1`] = `
<DocumentFragment>
  <div
    class="loading"
  >
    <div
      class="lds-roller"
    >
      <div />
      <div />
      <div />
      <div />
      <div />
      <div />
      <div />
      <div />
    </div>
  </div>
</DocumentFragment>
`;
